\BOOKMARK [0][-]{chapter*.1}{\376\377\000A\000b\000o\000u\000t\000\040\000T\000h\000i\000s\000\040\000D\000o\000c\000u\000m\000e\000n\000t}{}% 1
\BOOKMARK [0][-]{chapter.3}{\376\377\000T\000h\000e\000\040\000C\000h\000r\000o\000m\000a\000t\000i\000c\000\040\000B\000u\000t\000t\000o\000n\000\040\000A\000c\000c\000o\000r\000d\000i\000o\000n}{}% 2
\BOOKMARK [1][-]{section.4}{\376\377\000A\000\040\000C\000h\000r\000o\000m\000a\000t\000i\000c\000\040\000B\000u\000t\000t\000o\000n\000\040\000A\000c\000c\000o\000r\000d\000i\000o\000n}{chapter.3}% 3
\BOOKMARK [1][-]{section.7}{\376\377\000C\000\040\000S\000y\000s\000t\000e\000m\000\040\000A\000c\000c\000o\000r\000d\000i\000o\000n\000\040\000K\000e\000y\000b\000o\000a\000r\000d\000s\000\040\000w\000i\000t\000h\000\040\000S\000t\000r\000a\000d\000e\000l\000l\000a\000\040\000B\000a\000s\000s}{chapter.3}% 4
\BOOKMARK [1][-]{section.10}{\376\377\000C\000\040\000S\000y\000s\000t\000e\000m\000\040\000A\000c\000c\000o\000r\000d\000i\000o\000n\000\040\000K\000e\000y\000b\000o\000a\000r\000d\000s\000\040\000w\000i\000t\000h\000\040\000F\000r\000e\000e\000\040\000B\000a\000s\000s}{chapter.3}% 5
\BOOKMARK [0][-]{chapter.13}{\376\377\000S\000c\000a\000l\000e\000s\000\040\000a\000n\000d\000\040\000I\000n\000t\000e\000r\000v\000a\000l\000s}{}% 6
\BOOKMARK [1][-]{section.14}{\376\377\000C\000\040\000M\000a\000j\000o\000r\000\040\000S\000c\000a\000l\000e\000\040\000C\000o\000n\000s\000t\000r\000u\000c\000t\000i\000o\000n}{chapter.13}% 7
\BOOKMARK [1][-]{section.21}{\376\377\000C\000\040\000N\000a\000t\000u\000r\000a\000l\000\040\000M\000i\000n\000o\000r\000\040\000S\000c\000a\000l\000e\000\040\000C\000o\000n\000s\000t\000r\000u\000c\000t\000i\000o\000n}{chapter.13}% 8
\BOOKMARK [1][-]{section.26}{\376\377\000C\000\040\000H\000a\000r\000m\000o\000n\000i\000c\000\040\000M\000i\000n\000o\000r\000\040\000S\000c\000a\000l\000e\000\040\000C\000o\000n\000s\000t\000r\000u\000c\000t\000i\000o\000n}{chapter.13}% 9
\BOOKMARK [1][-]{section.31}{\376\377\000C\000\040\000M\000e\000l\000o\000d\000i\000c\000\040\000M\000i\000n\000o\000r\000\040\000S\000c\000a\000l\000e\000\040\000C\000o\000n\000s\000t\000r\000u\000c\000t\000i\000o\000n\000\040\000\050\000A\000s\000c\000e\000n\000d\000i\000n\000g\000\051}{chapter.13}% 10
\BOOKMARK [1][-]{section.36}{\376\377\000C\000\040\000M\000e\000l\000o\000d\000i\000c\000\040\000M\000i\000n\000o\000r\000\040\000S\000c\000a\000l\000e\000\040\000C\000o\000n\000s\000t\000r\000u\000c\000t\000i\000o\000n\000\040\000\050\000D\000e\000s\000c\000e\000n\000d\000i\000n\000g\000\051}{chapter.13}% 11
\BOOKMARK [0][-]{chapter.41}{\376\377\000I\000n\000t\000e\000r\000v\000a\000l\000s\000\040\000a\000n\000d\000\040\000t\000h\000e\000\040\000B\000u\000t\000t\000o\000n\000\040\000K\000e\000y\000b\000o\000a\000r\000d}{}% 12
\BOOKMARK [1][-]{section.42}{\376\377\000I\000n\000t\000e\000r\000v\000a\000l\000s\000\040\000o\000n\000\040\000t\000h\000e\000\040\000K\000e\000y\000b\000o\000a\000r\000d}{chapter.41}% 13
\BOOKMARK [1][-]{section.71}{\376\377\000I\000n\000t\000e\000r\000v\000a\000l\000\040\000R\000e\000l\000a\000t\000i\000o\000n\000s\000h\000i\000p\000s\000\040\000o\000n\000\040\000B\000o\000t\000h\000\040\000K\000e\000y\000b\000o\000a\000r\000d\000s}{chapter.41}% 14
\BOOKMARK [1][-]{section.80}{\376\377\000U\000s\000i\000n\000g\000\040\000I\000n\000t\000e\000r\000v\000a\000l\000s\000\040\000t\000o\000\040\000N\000a\000v\000i\000g\000a\000t\000e\000\040\000t\000h\000e\000\040\000C\000\040\000S\000y\000s\000t\000e\000m\000\040\000K\000e\000y\000b\000o\000a\000r\000d}{chapter.41}% 15
\BOOKMARK [0][-]{chapter.93}{\376\377\000S\000c\000a\000l\000e\000\040\000S\000h\000a\000p\000e\000s}{}% 16
\BOOKMARK [1][-]{section.94}{\376\377\000C\000\040\000M\000a\000j\000o\000r\000\040\000S\000c\000a\000l\000e\000\040\000S\000h\000a\000p\000e}{chapter.93}% 17
\BOOKMARK [1][-]{section.103}{\376\377\000D\000\040\000M\000a\000j\000o\000r\000\040\000S\000c\000a\000l\000e\000\040\000S\000h\000a\000p\000e}{chapter.93}% 18
\BOOKMARK [1][-]{section.112}{\376\377\000G\000\040\000M\000a\000j\000o\000r\000\040\000S\000c\000a\000l\000e\000\040\000S\000h\000a\000p\000e}{chapter.93}% 19
\BOOKMARK [1][-]{section.121}{\376\377\000C\000\040\000H\000a\000r\000m\000o\000n\000i\000c\000\040\000M\000i\000n\000o\000r\000\040\000S\000c\000a\000l\000e\000\040\000S\000h\000a\000p\000e}{chapter.93}% 20
\BOOKMARK [1][-]{section.130}{\376\377\000C\000\040\000M\000e\000l\000o\000d\000i\000c\000\040\000M\000i\000n\000o\000r\000\040\000S\000c\000a\000l\000e\000\040\000S\000h\000a\000p\000e\000\040\000A\000s\000c\000e\000n\000d\000i\000n\000g}{chapter.93}% 21
\BOOKMARK [1][-]{section.139}{\376\377\000C\000\040\000M\000e\000l\000o\000d\000i\000c\000\040\000M\000i\000n\000o\000r\000\040\000D\000e\000s\000c\000e\000n\000d\000i\000n\000g\000\040\000S\000c\000a\000l\000e\000\040\000S\000h\000a\000p\000e}{chapter.93}% 22
\BOOKMARK [1][-]{section.148}{\376\377\000D\000\040\000H\000a\000r\000m\000o\000n\000i\000c\000\040\000M\000i\000n\000o\000r\000\040\000S\000c\000a\000l\000e\000\040\000S\000h\000a\000p\000e}{chapter.93}% 23
\BOOKMARK [1][-]{section.157}{\376\377\000D\000\040\000M\000e\000l\000o\000d\000i\000c\000\040\000M\000i\000n\000o\000r\000\040\000S\000c\000a\000l\000e\000\040\000S\000h\000a\000p\000e\000\040\000A\000s\000c\000e\000n\000d\000i\000n\000g}{chapter.93}% 24
\BOOKMARK [1][-]{section.166}{\376\377\000D\000\040\000M\000e\000l\000o\000d\000i\000c\000\040\000M\000i\000n\000o\000r\000\040\000D\000e\000s\000c\000e\000n\000d\000i\000n\000g\000\040\000S\000c\000a\000l\000e\000\040\000S\000h\000a\000p\000e}{chapter.93}% 25
\BOOKMARK [1][-]{section.175}{\376\377\000G\000\040\000H\000a\000r\000m\000o\000n\000i\000c\000\040\000M\000i\000n\000o\000r\000\040\000S\000c\000a\000l\000e\000\040\000S\000h\000a\000p\000e}{chapter.93}% 26
\BOOKMARK [1][-]{section.184}{\376\377\000G\000\040\000M\000e\000l\000o\000d\000i\000c\000\040\000M\000i\000n\000o\000r\000\040\000S\000c\000a\000l\000e\000\040\000S\000h\000a\000p\000e\000\040\000A\000s\000c\000e\000n\000d\000i\000n\000g}{chapter.93}% 27
\BOOKMARK [1][-]{section.193}{\376\377\000G\000\040\000M\000e\000l\000o\000d\000i\000c\000\040\000M\000i\000n\000o\000r\000\040\000D\000e\000s\000c\000e\000n\000d\000i\000n\000g\000\040\000S\000c\000a\000l\000e\000\040\000S\000h\000a\000p\000e}{chapter.93}% 28
\BOOKMARK [0][-]{chapter.202}{\376\377\000C\000h\000o\000r\000d\000s\000\040\000a\000n\000d\000\040\000C\000h\000o\000r\000d\000\040\000C\000o\000n\000s\000t\000r\000u\000c\000t\000i\000o\000n}{}% 29
\BOOKMARK [1][-]{section.203}{\376\377\000B\000u\000i\000l\000d\000i\000n\000g\000\040\000C\000h\000o\000r\000d\000s\000\040\000f\000r\000o\000m\000\040\000I\000n\000t\000e\000r\000v\000a\000l\000s}{chapter.202}% 30
\BOOKMARK [1][-]{section.208}{\376\377\000T\000y\000p\000e\000s\000\040\000o\000f\000\040\000T\000r\000i\000a\000d}{chapter.202}% 31
\BOOKMARK [1][-]{section.215}{\376\377\000E\000x\000t\000e\000n\000d\000i\000n\000g\000\040\000C\000h\000o\000r\000d\000s\000:\000\040\000S\000e\000v\000e\000n\000t\000h\000\040\000C\000h\000o\000r\000d\000s}{chapter.202}% 32
\BOOKMARK [1][-]{section.216}{\376\377\000E\000x\000t\000e\000n\000d\000e\000d\000\040\000a\000n\000d\000\040\000S\000u\000s\000p\000e\000n\000d\000e\000d\000\040\000C\000h\000o\000r\000d\000s}{chapter.202}% 33
\BOOKMARK [0][-]{chapter.224}{\376\377\000B\000u\000i\000l\000d\000i\000n\000g\000\040\000C\000h\000o\000r\000d\000s\000\040\000f\000r\000o\000m\000\040\000S\000c\000a\000l\000e\000s}{}% 34
\BOOKMARK [1][-]{section.225}{\376\377\000D\000i\000a\000t\000o\000n\000i\000c\000\040\000S\000e\000v\000e\000n\000t\000h\000\040\000C\000h\000o\000r\000d\000s\000\040\000o\000f\000\040\000C\000\040\000M\000a\000j\000o\000r}{chapter.224}% 35
\BOOKMARK [0][-]{chapter.254}{\376\377\000C\000h\000o\000r\000d\000\040\000S\000h\000a\000p\000e\000s}{}% 36
\BOOKMARK [1][-]{section.255}{\376\377\000M\000a\000j\000o\000r\000\040\000a\000n\000d\000\040\000M\000i\000n\000o\000r\000\040\000T\000r\000i\000a\000d\000s}{chapter.254}% 37
\BOOKMARK [1][-]{section.276}{\376\377\000S\000e\000v\000e\000n\000t\000h\000\040\000C\000h\000o\000r\000d\000s}{chapter.254}% 38
\BOOKMARK [1][-]{section.297}{\376\377\000S\000e\000v\000e\000n\000t\000h\000\040\000C\000h\000o\000r\000d\000s\000\040\000\050\0002\000n\000d\000\040\000I\000n\000v\000e\000r\000s\000i\000o\000n\000\051}{chapter.254}% 39
\BOOKMARK [1][-]{section.318}{\376\377\000S\000e\000v\000e\000n\000t\000h\000\040\000C\000h\000o\000r\000d\000s\000\040\000\050\0003\000r\000d\000\040\000I\000n\000v\000e\000r\000s\000i\000o\000n\000\040\000a\000n\000d\000\040\000C\000d\000i\000m\0007\000\051}{chapter.254}% 40
\BOOKMARK [0][-]{chapter.339}{\376\377\000C\000h\000o\000r\000d\000\040\000S\000c\000a\000l\000e\000\040\000C\000y\000c\000l\000i\000c\000\040\000M\000o\000v\000e\000m\000e\000n\000t}{}% 41
\BOOKMARK [1][-]{section.340}{\376\377\000C\000l\000o\000s\000e\000d\000\040\000V\000o\000i\000c\000e\000\040\000T\000r\000i\000a\000d\000s\000\040\000f\000r\000o\000m\000\040\000C\000\040\000M\000a\000j\000o\000r\000\040\000S\000c\000a\000l\000e\000,\000\040\000P\000r\000o\000g\000r\000e\000s\000s\000i\000n\000g\000\040\000D\000o\000w\000n\000\040\000i\000n\000\040\000I\000n\000t\000e\000r\000v\000a\000l\000s\000\040\000o\000f\000\040\000a\000\040\000S\000e\000c\000o\000n\000d}{chapter.339}% 42
\BOOKMARK [1][-]{section.356}{\376\377\000C\000l\000o\000s\000e\000d\000\040\000V\000o\000i\000c\000e\000\040\000T\000r\000i\000a\000d\000s\000\040\000f\000r\000o\000m\000\040\000C\000\040\000M\000a\000j\000o\000r\000\040\000S\000c\000a\000l\000e\000,\000\040\000R\000o\000o\000t\000s\000\040\000A\000s\000c\000e\000n\000d\000i\000n\000g\000\040\000i\000n\000\040\0002\000n\000d\000s\000\040\000\050\000C\000y\000c\000l\000e\000\040\0002\000\051}{chapter.339}% 43
\BOOKMARK [1][-]{section.378}{\376\377\000C\000l\000o\000s\000e\000d\000\040\000V\000o\000i\000c\000e\000\040\000T\000r\000i\000a\000d\000s\000\040\000f\000r\000o\000m\000\040\000C\000\040\000M\000a\000j\000o\000r\000\040\000S\000c\000a\000l\000e\000,\000\040\000R\000o\000o\000t\000s\000\040\000r\000i\000s\000i\000n\000g\000\040\000b\000y\000\040\000d\000i\000a\000t\000o\000n\000i\000c\000\040\0004\000t\000h\000\040\000\050\000C\000y\000c\000l\000e\000\040\0004\000\051}{chapter.339}% 44
\BOOKMARK [1][-]{section.400}{\376\377\000C\000l\000o\000s\000e\000d\000\040\000V\000o\000i\000c\000e\000\040\000T\000r\000i\000a\000d\000s\000\040\000f\000r\000o\000m\000\040\000C\000\040\000M\000a\000j\000o\000r\000\040\000S\000c\000a\000l\000e\000,\000\040\000R\000o\000o\000t\000s\000\040\000A\000s\000c\000e\000n\000d\000i\000n\000g\000\040\000b\000y\000\040\000a\000\040\000D\000i\000a\000t\000o\000n\000i\000c\000\040\0006\000t\000h\000\040\000\050\000C\000y\000c\000l\000e\000\040\0006\000\051}{chapter.339}% 45
\BOOKMARK [1][-]{section.422}{\376\377\000P\000r\000o\000g\000r\000e\000s\000s\000i\000o\000n\000\040\000o\000f\000\040\000D\000r\000o\000p\000\040\0002\000\040\000D\000i\000a\000t\000o\000n\000i\000c\000\040\000C\000h\000o\000r\000d\000s\000\040\000f\000r\000o\000m\000\040\000C\000\040\000M\000a\000j\000o\000r\000\040\000S\000c\000a\000l\000e\000\040\000\050\000C\000y\000c\000l\000e\000\040\0004\000\051}{chapter.339}% 46
\BOOKMARK [1][-]{section.451}{\376\377\0007\000t\000h\000\040\000C\000h\000o\000r\000d\000\040\000V\000o\000i\000c\000i\000n\000g\000s\000\040\000f\000r\000o\000m\000\040\000C\000\040\000M\000a\000j\000o\000r\000\040\000S\000c\000a\000l\000e\000\040\000\050\000D\000e\000s\000c\000e\000n\000d\000i\000n\000g\000\040\000V\000o\000i\000c\000e\000\040\000L\000e\000a\000d\000i\000n\000g\000\040\000b\000y\000\040\000D\000i\000a\000t\000o\000n\000i\000c\000\040\0006\000t\000h\000s\000\051}{chapter.339}% 47
\BOOKMARK [1][-]{section.480}{\376\377\000D\000r\000o\000p\000\040\0002\000\040\000D\000i\000a\000t\000o\000n\000i\000c\000\040\0007\000t\000h\000\040\000C\000h\000o\000r\000d\000s\000\040\000f\000r\000o\000m\000\040\000C\000\040\000M\000a\000j\000o\000r\000\040\000S\000c\000a\000l\000e\000\040\000\050\000C\000y\000c\000l\000e\000\040\0006\000\051}{chapter.339}% 48
\BOOKMARK [1][-]{section.509}{\376\377\000D\000r\000o\000p\000\040\0003\000\040\000D\000i\000a\000t\000o\000n\000i\000c\000\040\0007\000t\000h\000\040\000C\000h\000o\000r\000d\000s\000\040\000f\000r\000o\000m\000\040\000C\000\040\000M\000a\000j\000o\000r\000\040\000S\000c\000a\000l\000e\000\040\000\050\000C\000y\000c\000l\000e\000\040\0006\000\051}{chapter.339}% 49
\BOOKMARK [1][-]{section.538}{\376\377\000D\000r\000o\000p\000\040\0002\000\040\000D\000i\000a\000t\000o\000n\000i\000c\000\040\0007\000t\000h\000\040\000C\000h\000o\000r\000d\000s\000\040\040\024\000\040\000C\000\040\000M\000a\000j\000o\000r\000,\000\040\000R\000o\000o\000t\000s\000\040\000A\000s\000c\000e\000n\000d\000i\000n\000g\000\040\000i\000n\000\040\0002\000n\000d\000s\000\040\000\050\000C\000y\000c\000l\000e\000\040\0002\000\051}{chapter.339}% 50
\BOOKMARK [1][-]{section.567}{\376\377\000P\000r\000o\000g\000r\000e\000s\000s\000i\000o\000n\000\040\000o\000f\000\040\000D\000r\000o\000p\000\040\0002\000\040\000D\000i\000a\000t\000o\000n\000i\000c\000\040\000C\000h\000o\000r\000d\000s\000\040\000f\000r\000o\000m\000\040\000C\000\040\000H\000a\000r\000m\000o\000n\000i\000c\000\040\000M\000i\000n\000o\000r\000\040\000S\000c\000a\000l\000e}{chapter.339}% 51
\BOOKMARK [1][-]{section.596}{\376\377\000P\000r\000o\000g\000r\000e\000s\000s\000i\000o\000n\000\040\000o\000f\000\040\000D\000r\000o\000p\000\040\0002\000\040\000D\000i\000a\000t\000o\000n\000i\000c\000\040\000C\000h\000o\000r\000d\000s\000\040\000f\000r\000o\000m\000\040\000C\000\040\000M\000e\000l\000o\000d\000i\000c\000\040\000M\000i\000n\000o\000r\000\040\000S\000c\000a\000l\000e}{chapter.339}% 52
\BOOKMARK [0][-]{chapter.625}{\376\377\000C\000h\000o\000r\000d\000\040\000P\000r\000o\000g\000r\000e\000s\000s\000i\000o\000n\000s}{}% 53
\BOOKMARK [1][-]{section.626}{\376\377\0002\000-\0005\000-\0001\000\040\000P\000r\000o\000g\000r\000e\000s\000s\000i\000o\000n\000s\000\040\000o\000f\000\040\000M\000a\000j\0007\000\040\000C\000h\000o\000r\000d\000s\000\040\000w\000i\000t\000h\000\040\000V\000o\000i\000c\000e\000\040\000L\000e\000a\000d\000i\000n\000g\000\040\000\050\000n\000a\000t\000u\000r\000a\000l\000l\000y\000\040\000f\000o\000l\000l\000o\000w\000s\000\040\000C\000i\000r\000c\000l\000e\000\040\000o\000f\000\040\000F\000i\000f\000t\000h\000s\000\051}{chapter.625}% 54
\BOOKMARK [1][-]{section.651}{\376\377\0002\000-\0005\000-\0001\000\040\000C\000l\000o\000s\000e\000d\000\040\000i\000n\000\040\000C\000\040\000M\000a\000j\000o\000r}{chapter.625}% 55
\BOOKMARK [0][-]{chapter.671}{\376\377\000T\000h\000e\000\040\000C\000i\000r\000c\000l\000e\000\040\000o\000f\000\040\000F\000i\000f\000t\000h\000s}{}% 56
\BOOKMARK [1][-]{section.672}{\376\377\000S\000t\000r\000u\000c\000t\000u\000r\000e\000\040\000o\000f\000\040\000t\000h\000e\000\040\000C\000i\000r\000c\000l\000e}{chapter.671}% 57
\BOOKMARK [1][-]{section.677}{\376\377\000R\000e\000l\000a\000t\000i\000v\000e\000\040\000M\000i\000n\000o\000r\000\040\000K\000e\000y\000s}{chapter.671}% 58
\BOOKMARK [1][-]{section.680}{\376\377\000C\000h\000o\000r\000d\000\040\000P\000r\000o\000g\000r\000e\000s\000s\000i\000o\000n\000s\000\040\000a\000n\000d\000\040\000t\000h\000e\000\040\000C\000i\000r\000c\000l\000e}{chapter.671}% 59
\BOOKMARK [1][-]{section.683}{\376\377\000T\000h\000e\000\040\000C\000i\000r\000c\000l\000e\000\040\000o\000f\000\040\000F\000i\000f\000t\000h\000s\000\040\000o\000n\000\040\000t\000h\000e\000\040\000C\000h\000r\000o\000m\000a\000t\000i\000c\000\040\000B\000u\000t\000t\000o\000n\000\040\000A\000c\000c\000o\000r\000d\000i\000o\000n}{chapter.671}% 60
\BOOKMARK [0][-]{chapter.684}{\376\377\000S\000c\000a\000l\000e\000s\000,\000\040\000M\000o\000d\000e\000s\000\040\000a\000n\000d\000\040\000C\000h\000o\000r\000d\000s}{}% 61
\BOOKMARK [0][-]{chapter.701}{\376\377\000B\000a\000r\000r\000y\000\040\000H\000a\000r\000r\000i\000s\000\040\000a\000n\000d\000\040\000J\000a\000z\000z\000\040\000P\000i\000a\000n\000o\000\040\000T\000h\000e\000o\000r\000y}{}% 62
\BOOKMARK [1][-]{section.702}{\376\377\000I\000n\000t\000r\000o\000d\000u\000c\000t\000i\000o\000n\000\040\000t\000o\000\040\000B\000a\000r\000r\000y\000\040\000H\000a\000r\000r\000i\000s\000\040\000a\000n\000d\000\040\000H\000i\000s\000\040\000P\000h\000i\000l\000o\000s\000o\000p\000h\000y}{chapter.701}% 63
\BOOKMARK [1][-]{section.704}{\376\377\000T\000h\000e\000\040\000B\000e\000b\000o\000p\000\040\000S\000c\000a\000l\000e\000s}{chapter.701}% 64
\BOOKMARK [1][-]{section.720}{\376\377\000T\000h\000e\000\040\0006\000t\000h\000\040\000C\000h\000o\000r\000d\000\040\000/\000\040\000D\000i\000m\000i\000n\000i\000s\000h\000e\000d\000\040\0007\000t\000h\000\040\000S\000y\000s\000t\000e\000m}{chapter.701}% 65
\BOOKMARK [1][-]{section.736}{\376\377\000B\000a\000s\000i\000c\000s\000\040\000o\000f\000\040\000t\000h\000e\000\040\000D\000o\000m\000i\000n\000a\000n\000t\000\040\0007\000t\000h\000\040\000S\000c\000a\000l\000e}{chapter.701}% 66
\BOOKMARK [1][-]{section.746}{\376\377\000D\000a\000i\000l\000y\000\040\000S\000c\000a\000l\000e\000\040\000a\000n\000d\000\040\000C\000h\000o\000r\000d\000\040\000E\000x\000e\000r\000c\000i\000s\000e\000s}{chapter.701}% 67
\BOOKMARK [1][-]{section.776}{\376\377\000C\0006\000\040\000/\000\040\000B\000\260\0007\000\040\000C\000h\000o\000r\000d\000\040\000S\000h\000a\000p\000e\000s\000\040\000o\000n\000\040\000t\000h\000e\000\040\000A\000c\000c\000o\000r\000d\000i\000o\000n\000\040\000K\000e\000y\000b\000o\000a\000r\000d}{chapter.701}% 68
\BOOKMARK [0][-]{chapter.785}{\376\377\000T\000u\000r\000n\000i\000n\000g\000\040\000E\000x\000e\000r\000c\000i\000s\000e\000s\000\040\000i\000n\000t\000o\000\040\000r\000e\000a\000l\000\040\000m\000u\000s\000i\000c\000a\000l\000\040\000l\000i\000n\000e\000s\000.}{}% 69
\BOOKMARK [1][-]{section.786}{\376\377\000T\000h\000e\000\040\000E\000x\000e\000r\000c\000i\000s\000e}{chapter.785}% 70
\BOOKMARK [1][-]{section.793}{\376\377\000B\000u\000i\000l\000d\000i\000n\000g\000\040\000Y\000o\000u\000r\000\040\000J\000a\000z\000z\000\040\000V\000o\000c\000a\000b\000u\000l\000a\000r\000y}{chapter.785}% 71
\BOOKMARK [1][-]{section.808}{\376\377\000D\000o\000n\000'\000t\000\040\000J\000u\000s\000t\000\040\000P\000r\000a\000c\000t\000i\000c\000e\000\040\000i\000n\000\040\000A\000l\000l\000\040\0001\0002\000\040\000K\000e\000y\000s}{chapter.785}% 72
\BOOKMARK [1][-]{section.809}{\376\377\000B\000a\000r\000r\000y\000\040\000H\000a\000r\000r\000i\000s\000'\000\040\000A\000r\000p\000e\000g\000g\000i\000o\000\040\000F\000r\000o\000m\000\040\000t\000h\000e\000\040\0003\000r\000d}{chapter.785}% 73
\BOOKMARK [1][-]{section.811}{\376\377\000T\000r\000a\000n\000s\000c\000r\000i\000p\000t\000i\000o\000n\000:\000\040\000H\000o\000w\000\040\000H\000i\000g\000h\000\040\000t\000h\000e\000\040\000M\000o\000o\000n}{chapter.785}% 74
\BOOKMARK [0][-]{chapter.814}{\376\377\000T\000e\000m\000p\000l\000a\000t\000e\000s\000\040\000a\000n\000d\000\040\000R\000e\000f\000e\000r\000e\000n\000c\000e\000s}{}% 75
\BOOKMARK [1][-]{section.815}{\376\377\000B\000l\000a\000n\000k\000\040\000C\000h\000o\000r\000d\000\040\000S\000h\000a\000p\000e\000\040\000T\000e\000m\000p\000l\000a\000t\000e}{chapter.814}% 76
\BOOKMARK [1][-]{section.834}{\376\377\000E\000x\000t\000e\000n\000d\000e\000d\000\040\000C\000h\000o\000r\000d\000\040\000P\000r\000o\000g\000r\000e\000s\000s\000i\000o\000n\000\040\000T\000e\000m\000p\000l\000a\000t\000e}{chapter.814}% 77
\BOOKMARK [1][-]{section.853}{\376\377\000N\000o\000d\000e\000\040\000R\000e\000f\000e\000r\000e\000n\000c\000e\000\040\000G\000r\000i\000d\000\040\000\050\0001\040\023\0003\0000\000\051}{chapter.814}% 78
\BOOKMARK [1][-]{section.856}{\376\377\000G\000r\000i\000d\000\040\0001\000\040\040\024\000\040\000N\000o\000d\000e\000s\000\040\0008\000,\000\040\0001\0004\000,\000\040\0001\0009\000,\000\040\0002\0007\000\040\000\050\000F\000M\000a\000j\0007\000\051}{chapter.814}% 79
\BOOKMARK [1][-]{section.859}{\376\377\000E\000x\000t\000e\000n\000d\000e\000d\000\040\000G\000r\000i\000d\000\040\0001\000\040\040\024\000\040\0005\0005\000-\000N\000o\000d\000e\000\040\000R\000e\000f\000e\000r\000e\000n\000c\000e}{chapter.814}% 80
\BOOKMARK [-1][-]{section*.862}{\376\377\000B\000a\000c\000k\000\040\000M\000a\000t\000t\000e\000r}{}% 81
